[backblue.gif]
[fade.gif]
[index.html]
[registroacademico.catolica.edu.sv/rsc/images/u.ico]
[registroacademico.catolica.edu.sv/rsc/images/logo_u.png]
[registroacademico.catolica.edu.sv/rsc/slide_img/regi05.png]
[registroacademico.catolica.edu.sv/rsc/slide_img/redondel_u.jpg]
[registroacademico.catolica.edu.sv/rsc/slide_img/gradu01.png]
[registroacademico.catolica.edu.sv/rsc/docs/guigen_alu01.pdf]
[registroacademico.catolica.edu.sv/rsc/docs/INFORMACION-ANTIGUO-INGRESO.pdf]
[registroacademico.catolica.edu.sv/rsc/images/PROCESOS-ACADEMICOS.png]
[registroacademico.catolica.edu.sv/rsc/images/gradu.jpg]
[registroacademico.catolica.edu.sv/rsc/assets/js/jquery.min.js]
[clustrmaps.com/map_v2975a.js]
[registroacademico.catolica.edu.sv/rsc/assets/js/wow.min.js]
[registroacademico.catolica.edu.sv/rsc/assets/js/bootstrap.min.js]
[registroacademico.catolica.edu.sv/rsc/assets/js/slick.min.js]
[registroacademico.catolica.edu.sv/rsc/assets/js/jquery.li-scroller.1.0.js]
[registroacademico.catolica.edu.sv/rsc/assets/js/custom.js]
[registroacademico.catolica.edu.sv/index.html]
[registroacademico.catolica.edu.sv/rsc/assets/fonts/glyphicons-halflings-regular.eot]
[registroacademico.catolica.edu.sv/rsc/assets/fonts/glyphicons-halflings-regulard41d.eot]
[registroacademico.catolica.edu.sv/rsc/assets/fonts/glyphicons-halflings-regular.woff]
[registroacademico.catolica.edu.sv/rsc/assets/fonts/glyphicons-halflings-regular.ttf]
[registroacademico.catolica.edu.sv/rsc/assets/css/bootstrap.min.css]
[registroacademico.catolica.edu.sv/rsc/assets/fonts/fontawesome-webfont78ce.eot]
[registroacademico.catolica.edu.sv/rsc/assets/fonts/fontawesome-webfontd41d.eot]
[registroacademico.catolica.edu.sv/rsc/assets/fonts/fontawesome-webfont78ce.woff]
[registroacademico.catolica.edu.sv/rsc/assets/fonts/fontawesome-webfont78ce.ttf]
[registroacademico.catolica.edu.sv/rsc/assets/css/font-awesome.min.css]
[registroacademico.catolica.edu.sv/rsc/assets/css/animate.css]
[registroacademico.catolica.edu.sv/rsc/assets/css/li-scroller.css]
[registroacademico.catolica.edu.sv/rsc/assets/css/slick.css]
[registroacademico.catolica.edu.sv/rsc/assets/css/theme.css]
[registroacademico.catolica.edu.sv/rsc/assets/fonts/OpenSans-400.woff]
[registroacademico.catolica.edu.sv/rsc/assets/fonts/Varela-400.woff]
[registroacademico.catolica.edu.sv/rsc/assets/css/images/pattern-bg.png]
[registroacademico.catolica.edu.sv/rsc/assets/css/images/status.gif]
[registroacademico.catolica.edu.sv/rsc/assets/css/images/header_dot.png]
[registroacademico.catolica.edu.sv/rsc/assets/css/style.css]
[registroacademico.catolica.edu.sv/rsc/assets/css/modern-business.css]
[registroacademico.catolica.edu.sv/assets/plugins/jquery-1.10.2.html]
[registroacademico.catolica.edu.sv/rsc/docs/edit_forms/SOLICITUD_RETIRO_CICLO.docx]
[registroacademico.catolica.edu.sv/rsc/docs/edit_forms/SOLICITUD_DOCUMENTOS.docx]
[registroacademico.catolica.edu.sv/rsc/docs/edit_forms/SOLICITUD_CONSEJO_ACADEMICO.docx]
[registroacademico.catolica.edu.sv/Home/tramitesv20.html]
[registroacademico.catolica.edu.sv/rsc/Facultades/js/modernizr.custom.29473.js]
[registroacademico.catolica.edu.sv/rsc/Facultades/images/logoU.png]
[registroacademico.catolica.edu.sv/rsc/Facultades/Carreras_Humanidades.html]
[registroacademico.catolica.edu.sv/rsc/Facultades/Carreras_Ingenieria.html]
[registroacademico.catolica.edu.sv/rsc/Facultades/Carreras_Salud.html]
[registroacademico.catolica.edu.sv/rsc/Facultades/Carreras_empresariales.html]
[registroacademico.catolica.edu.sv/rsc/Facultades/Carreras_postgrado.html]
[registroacademico.catolica.edu.sv/Home/ccsn_sv_eeuu.html]
[cdn.jsdelivr.net/jquery/1/jquery.min.js]
[cdn.jsdelivr.net/momentjs/latest/moment.min.js]
[registroacademico.catolica.edu.sv/rsc/assets/js/moment.min.js]
[registroacademico.catolica.edu.sv/rsc/assets/js/daterangepicker.js]
[registroacademico.catolica.edu.sv/Home/contactos.html]
[registroacademico.catolica.edu.sv/rsc/docs/req_mined01.pdf]
[registroacademico.catolica.edu.sv/rsc/docs/req_mined02.pdf]
[registroacademico.catolica.edu.sv/rsc/docs/Aranceles_pre.pdf]
[registroacademico.catolica.edu.sv/rsc/docs/apertura_gradu01.pdf]
[registroacademico.catolica.edu.sv/Home/graduacion.html]
[registroacademico.catolica.edu.sv/Home/nuevo_ingreso.html]
[registroacademico.catolica.edu.sv/rsc/assets/boostrap/bootstrap.min.js]
[registroacademico.catolica.edu.sv/rsc/images/cal01.png]
[registroacademico.catolica.edu.sv/rsc/images/cal02.png]
[registroacademico.catolica.edu.sv/rsc/images/calendar_indi.png]
[registroacademico.catolica.edu.sv/rsc/docs/cal_print.pdf]
[registroacademico.catolica.edu.sv/Home/calendario01.html]
[registroacademico.catolica.edu.sv/Home/serviciosdocentes.html]
[registroacademico.catolica.edu.sv/rsc/docs/graduados/2018/JUNIO2018.pdf]
[registroacademico.catolica.edu.sv/rsc/docs/graduados/2018/DICIEMBRE2018.pdf]
[registroacademico.catolica.edu.sv/rsc/docs/graduados/2017/JUNIO2017.pdf]
[registroacademico.catolica.edu.sv/rsc/docs/graduados/2017/DICIEMBRE2017.pdf]
[registroacademico.catolica.edu.sv/rsc/docs/graduados/2016/JUNIO2016.pdf]
[registroacademico.catolica.edu.sv/rsc/docs/graduados/2016/NOVIEMBRE2016.pdf]
[registroacademico.catolica.edu.sv/rsc/docs/graduados/2015/JUNIO2015.pdf]
[registroacademico.catolica.edu.sv/rsc/docs/graduados/2015/NOVIEMBRE2015.pdf]
[registroacademico.catolica.edu.sv/rsc/docs/graduados/2014/JUNIO2014.pdf]
[registroacademico.catolica.edu.sv/rsc/docs/graduados/2014/DICIEMBRE2014.pdf]
[registroacademico.catolica.edu.sv/rsc/docs/graduados/2013/JUNIO2013.pdf]
[registroacademico.catolica.edu.sv/rsc/docs/graduados/2013/NOVIEMBRE2013.pdf]
[registroacademico.catolica.edu.sv/rsc/docs/graduados/2012/MAYO2012.pdf]
[registroacademico.catolica.edu.sv/rsc/docs/graduados/2012/NOVIEMBRE2012.pdf]
[registroacademico.catolica.edu.sv/rsc/docs/graduados/2011/MAYO2011.pdf]
[registroacademico.catolica.edu.sv/rsc/docs/graduados/2010/ABRIL2010.pdf]
[registroacademico.catolica.edu.sv/rsc/docs/graduados/2010/OCTUBRE2010.pdf]
[registroacademico.catolica.edu.sv/rsc/docs/graduados/2010/NOVIEMBRE2010.pdf]
[registroacademico.catolica.edu.sv/rsc/docs/graduados/2009/ABRIL2009.pdf]
[registroacademico.catolica.edu.sv/rsc/docs/graduados/2009/MAYO2009.pdf]
[registroacademico.catolica.edu.sv/rsc/docs/graduados/2009/OCTUBRE2009.pdf]
[registroacademico.catolica.edu.sv/rsc/docs/graduados/2008/ABRIL2008.pdf]
[registroacademico.catolica.edu.sv/rsc/docs/graduados/2008/OCTUBRE2008.pdf]
[registroacademico.catolica.edu.sv/Home/historico_grad.html]
[registroacademico.catolica.edu.sv/Home/serviciosdocentesidiomas.html]
[registroacademico.catolica.edu.sv/rsc/assets/fonts/glyphicons-halflings-regular.svg]
[registroacademico.catolica.edu.sv/rsc/assets/fonts/fontawesome-webfont78ce.svg]
[registroacademico.catolica.edu.sv/rsc/favicon.html]
[registroacademico.catolica.edu.sv/rsc/Facultades/css/fonts/BebasNeue-webfont.eot]
[registroacademico.catolica.edu.sv/rsc/Facultades/css/fonts/BebasNeue-webfontd41d.eot]
[registroacademico.catolica.edu.sv/rsc/Facultades/css/fonts/BebasNeue-webfont.woff]
[registroacademico.catolica.edu.sv/rsc/Facultades/css/fonts/BebasNeue-webfont.ttf]
[registroacademico.catolica.edu.sv/rsc/Facultades/images/bgnoise_lg.jpg]
[registroacademico.catolica.edu.sv/rsc/Facultades/css/demo.css]
[registroacademico.catolica.edu.sv/rsc/Facultades/images/arrow_down.png]
[registroacademico.catolica.edu.sv/rsc/Facultades/images/arrow_up.png]
[registroacademico.catolica.edu.sv/rsc/Facultades/css/style.css]
[registroacademico.catolica.edu.sv/rsc/font-awesome-4.6.3/fonts/fontawesome-webfont5b62.eot]
[registroacademico.catolica.edu.sv/rsc/font-awesome-4.6.3/fonts/fontawesome-webfontd41d.eot]
[registroacademico.catolica.edu.sv/rsc/font-awesome-4.6.3/fonts/fontawesome-webfont5b62.woff]
[registroacademico.catolica.edu.sv/rsc/font-awesome-4.6.3/fonts/fontawesome-webfont5b62.ttf]
[registroacademico.catolica.edu.sv/rsc/font-awesome-4.6.3/css/font-awesome.css]
[registroacademico.catolica.edu.sv/rsc/font-awesome-4.6.3/css/font-awesome.min.css]
[registroacademico.catolica.edu.sv/rsc/assets/css/to-do.css]
[registroacademico.catolica.edu.sv/rsc/assets/boostrap/mychange.css]
[registroacademico.catolica.edu.sv/rsc/docs/graduados/2011/NOVIEMBRE2011.html]
[registroacademico.catolica.edu.sv/rsc/Facultades/css/fonts/BebasNeue-webfont.svg]
[registroacademico.catolica.edu.sv/rsc/font-awesome-4.6.3/fonts/fontawesome-webfont5b62.html]
[registroacademico.catolica.edu.sv/rsc/font-awesome-4.6.3/fonts/fontawesome-webfont5b62.svg]
